RAM Allocation [bytes]
Variable                                                                          Address   Size
------------------------------------------------------------------------------------------------
_base_y                                                                           0x0160       4
_lcd_maxx                                                                         0x0164       1

EEPROM Allocation [bytes]
Variable                                                                          Address   Size
------------------------------------------------------------------------------------------------

Register Allocation
Variable                                                                          Register  Size
------------------------------------------------------------------------------------------------
tenth                                                                             R4,R5        2
sec                                                                               R6,R7        2
Min                                                                               R8,R9        2
hour                                                                              R10,R11      2
_lcd_x                                                                            R13          1
_lcd_y                                                                            R12          1

FLASH Allocation [words]
Function                                                                          Address   Size
------------------------------------------------------------------------------------------------
timer0_comp_isr                                                                   0x00076    100
main                                                                              0x000DA     14
put_buff_G100                                                                     0x000E8     64
_print_G100                                                                       0x00128    308
sprintf                                                                           0x0025C     52
_lcd_write_nibble_G101                                                            0x00290     20
_lcd_write_data                                                                   0x002A4     12
lcd_gotoxy                                                                        0x002B0     13
lcd_clear                                                                         0x002BD     12
lcd_putchar                                                                       0x002C9     23
lcd_puts                                                                          0x002E0     17
lcd_init                                                                          0x002F1     46
strlen                                                                            0x0031F     12
strlenf                                                                           0x0032B     13
